// Jest Snapshot v1, https://goo.gl/fbAQLP

exports[`Pruebas en <Hook /> debe de mostrar correctamente  1`] = `
<Fragment>
  <h1>
    Hook
  </h1>
</Fragment>
`;
